[qr.tabpadmenu.com/landingd05f.html]
[backblue.gif]
[fade.gif]
[index.html]
[qr.tabpadmenu.com/assets/images/tabpad_favicon.png]
[qr.tabpadmenu.com/assets/images/tabpad_favicon.ico]
[qr.tabpadmenu.com/assets/desktop-landing/css/owl.carousel.min.css]
[qr.tabpadmenu.com/assets/desktop-landing/css/owl.theme.default.min.css]
[qr.tabpadmenu.com/assets/desktop-landing/css/themify-icons.css]
[qr.tabpadmenu.com/assets/desktop-landing/main.css]
[www.transparenttextures.com/patterns/always-grey.png]
[qr.tabpadmenu.com/assets/desktop-landing/images/icon.png]
[qr.tabpadmenu.com/index836d.html]
[qr.tabpadmenu.com/assets/desktop-landing/js/main.js]
[qr.tabpadmenu.com/landingd05f.html]
[qr.tabpadmenu.com/assets/desktop-landing/fonts/Dolce Vita.html]
[qr.tabpadmenu.com/assets/desktop-landing/js/plugin.js]
[qr.tabpadmenu.com/assets/desktop-landing/images/owl.video.play.html]
[qr.tabpadmenu.com/assets/desktop-landing/css/owl.carousel.min.css]
[qr.tabpadmenu.com/assets/desktop-landing/css/owl.theme.default.min.css]
[qr.tabpadmenu.com/assets/desktop-landing/fonts/themify9f249f24.eot]
[qr.tabpadmenu.com/assets/desktop-landing/fonts/themifyd41dd41d.eot]
[qr.tabpadmenu.com/assets/desktop-landing/fonts/themify9f249f24.woff]
[qr.tabpadmenu.com/assets/desktop-landing/fonts/themify9f249f24.ttf]
[qr.tabpadmenu.com/assets/desktop-landing/css/themify-icons.css]
[qr.tabpadmenu.com/assets/desktop-landing/main.css]
[qr.tabpadmenu.com/assets/css/owl.carousel.min.css]
[qr.tabpadmenu.com/assets/css/themify-icons.css]
[qr.tabpadmenu.com/assets/css/main.css]
[cdnjs.cloudflare.com/ajax/libs/animate.css/4.0.0/animate.min.css]
[qr.tabpadmenu.com/assets/css/tabs.css]
[qr.tabpadmenu.com/assets/js/rater/images/5.png]
[qr.tabpadmenu.com/assets/images/loading.gif]
[panel.tabpadmenu.com/ipad/20/set/9a5a6751-5cfc-44e2-bc15-3bdfec40e803zuum_ana.jpg]
[qr.tabpadmenu.com/assets/js/plugin.js]
[qr.tabpadmenu.com/assets/js/main.js]
[qr.tabpadmenu.com/assets/js/tabsSlider.js]
[qr.tabpadmenu.com/assets/js/rater/rater.js]
[qr.tabpadmenu.com/assets/js/jquery.lazyload.js]
[unpkg.com/isotope-layout@3/dist/isotope.pkgd.min.26.delayed]
[unpkg.com/isotope-layout@3.0.6/dist/isotope.pkgd.min.js]
[cdnjs.cloudflare.com/ajax/libs/1000hz-bootstrap-validator/0.11.9/validator.min.js]
[unpkg.com/ionicons@5.0.0/dist/ionicons.js]
[cdn.jsdelivr.net/npm/@sweetalert2/theme-borderless@3/borderless.css]
[unpkg.com/@google/model-viewer/dist/model-viewer.min.js]
[unpkg.com/@google/model-viewer@1.7.2/dist/model-viewer.min.js]
[unpkg.com/@google/model-viewer/dist/model-viewer-legacy.2d.delayed]
[unpkg.com/@google/model-viewer@1.7.2/dist/model-viewer-legacy.js]
[qr.tabpadmenu.com/index836d.html]
[cdn.jsdelivr.net/npm/lozad/dist/lozad.min.js]
[qr.tabpadmenu.com/assets/desktop-landing/images/owl.video.play.html]
[qr.tabpadmenu.com/assets/desktop-landing/fonts/themify9f249f24.svg]
[qr.tabpadmenu.com/assets/desktop-landing/images/shop-home.html]
[qr.tabpadmenu.com/assets/desktop-landing/images/bg-header.html]
[qr.tabpadmenu.com/assets/desktop-landing/images/notfound.html]
[qr.tabpadmenu.com/assets/css/owl.carousel.min.css]
[qr.tabpadmenu.com/indexd05f.html]
[qr.tabpadmenu.com/assets/fonts/themify9f24.eot]
[qr.tabpadmenu.com/assets/fonts/themifyd41d.eot]
[qr.tabpadmenu.com/assets/fonts/themify9f24.woff]
[qr.tabpadmenu.com/assets/fonts/themify9f24.ttf]
[qr.tabpadmenu.com/assets/css/themify-icons.css]
[via.placeholder.com/1050x400.png]
[qr.tabpadmenu.com/assets/css/main.css]
[cdnjs.cloudflare.com/ajax/libs/animate.css/4.0.0/animate.min.css]
[qr.tabpadmenu.com/assets/css/tabs.css]
[panel.tabpadmenu.com/ipad/20/set/Info.html]
[cdn.jsdelivr.net/npm/@sweetalert2/theme-borderless@3/borderless.css]
[unpkg.com/@google/model-viewer@1.7.2/dist/model-viewer-legacy.js]
[qr.tabpadmenu.com/indexd05f.html]
[qr.tabpadmenu.com/assets/images/owl.video.play.html]
[qr.tabpadmenu.com/assets/fonts/themify9f24.svg]
